gplink-2.2.37 (Jan 22 2024)
Map File - Created 2024-10-31  13:32:13
 
                                 Section Info
                  Section       Type    Address   Location Size(Bytes)
                ---------  ---------  ---------  ---------  ---------
                  STARTUP       code   00000000    program   0x000002
         ID_MC30P8160_0_i       code   0x000001    program   0x000002
              c_interrupt       code   0x000008    program   0x00005c
           code_MC30P8160       code   0x000036    program   0x0005da
                   .cinit       code   0x000323    program   0x000010
           ID_MC30P8160_0      idata   0x000042       data   0x000001
       UD_abs_mc30p8160_0      udata   00000000       data   0x000001
       UD_abs_mc30p8160_1      udata   0x000001       data   0x000001
       UD_abs_mc30p8160_2      udata   0x000002       data   0x000001
       UD_abs_mc30p8160_3      udata   0x000003       data   0x000001
       UD_abs_mc30p8160_4      udata   0x000004       data   0x000001
       UD_abs_mc30p8160_6      udata   0x000006       data   0x000001
       UD_abs_mc30p8160_8      udata   0x000008       data   0x000001
       UD_abs_mc30p8160_9      udata   0x000009       data   0x000001
       UD_abs_mc30p8160_a      udata   0x00000a       data   0x000001
       UD_abs_mc30p8160_b      udata   0x00000b       data   0x000001
       UD_abs_mc30p8160_c      udata   0x00000c       data   0x000001
       UD_abs_mc30p8160_d      udata   0x00000d       data   0x000001
       UD_abs_mc30p8160_e      udata   0x00000e       data   0x000001
       UD_abs_mc30p8160_f      udata   0x00000f       data   0x000001
                sharebank      udata   0x000010       data   0x000007
          UD_MC30P8160_13      udata   0x000017       data   0x000004
          UDL_MC30P8160_0      udata   0x00001b       data   0x000004
           UD_MC30P8160_5      udata   0x00001f       data   0x000002
           UD_MC30P8160_6      udata   0x000021       data   0x000002
           UD_MC30P8160_7      udata   0x000023       data   0x000002
           UD_MC30P8160_8      udata   0x000025       data   0x000002
           UD_MC30P8160_9      udata   0x000027       data   0x000002
          UD_MC30P8160_10      udata   0x000029       data   0x000002
          UD_MC30P8160_11      udata   0x00002b       data   0x000002
          UD_MC30P8160_12      udata   0x00002d       data   0x000002
          UD_MC30P8160_17      udata   0x00002f       data   0x000002
           UD_MC30P8160_0      udata   0x000031       data   0x000001
           UD_MC30P8160_1      udata   0x000032       data   0x000001
           UD_MC30P8160_2      udata   0x000033       data   0x000001
           UD_MC30P8160_3      udata   0x000034       data   0x000001
           UD_MC30P8160_4      udata   0x000035       data   0x000001
          UD_MC30P8160_14      udata   0x000036       data   0x000001
          UD_MC30P8160_15      udata   0x000037       data   0x000001
          UD_MC30P8160_16      udata   0x000038       data   0x000001
          UD_MC30P8160_18      udata   0x000039       data   0x000001
          UD_MC30P8160_19      udata   0x00003a       data   0x000001
          UD_MC30P8160_20      udata   0x00003b       data   0x000001
          UD_MC30P8160_21      udata   0x00003c       data   0x000001
          UD_MC30P8160_22      udata   0x00003d       data   0x000001
          UD_MC30P8160_23      udata   0x00003e       data   0x000001
          UD_MC30P8160_24      udata   0x00003f       data   0x000001
          UD_MC30P8160_25      udata   0x000040       data   0x000001
          UD_MC30P8160_26      udata   0x000041       data   0x000001
      UD_abs_mc30p8160_50      udata   0x000050       data   0x000001
      UD_abs_mc30p8160_51      udata   0x000051       data   0x000001
      UD_abs_mc30p8160_52      udata   0x000052       data   0x000001
      UD_abs_mc30p8160_56      udata   0x000056       data   0x000001
      UD_abs_mc30p8160_58      udata   0x000058       data   0x000001
      UD_abs_mc30p8160_59      udata   0x000059       data   0x000001
      UD_abs_mc30p8160_5a      udata   0x00005a       data   0x000001
      UD_abs_mc30p8160_5b      udata   0x00005b       data   0x000001
      UD_abs_mc30p8160_5c      udata   0x00005c       data   0x000001
      UD_abs_mc30p8160_5d      udata   0x00005d       data   0x000001
      UD_abs_mc30p8160_5e      udata   0x00005e       data   0x000001
      UD_abs_mc30p8160_5f      udata   0x00005f       data   0x000001
      UD_abs_mc30p8160_60      udata   0x000060       data   0x000001
      UD_abs_mc30p8160_61      udata   0x000061       data   0x000001
      UD_abs_mc30p8160_62      udata   0x000062       data   0x000001
      UD_abs_mc30p8160_63      udata   0x000063       data   0x000001
      UD_abs_mc30p8160_64      udata   0x000064       data   0x000001
      UD_abs_mc30p8160_65      udata   0x000065       data   0x000001
      UD_abs_mc30p8160_67      udata   0x000067       data   0x000001
      UD_abs_mc30p8160_68      udata   0x000068       data   0x000001
      UD_abs_mc30p8160_69      udata   0x000069       data   0x000001
      UD_abs_mc30p8160_6a      udata   0x00006a       data   0x000001
      UD_abs_mc30p8160_6b      udata   0x00006b       data   0x000001
      UD_abs_mc30p8160_6c      udata   0x00006c       data   0x000001
      UD_abs_mc30p8160_6d      udata   0x00006d       data   0x000001
      UD_abs_mc30p8160_6e      udata   0x00006e       data   0x000001
      UD_abs_mc30p8160_6f      udata   0x00006f       data   0x000001
 
                              Program Memory Usage
                               Start         End
                           ---------   ---------
                            0x000001    0x000001
                            00000000    00000000
                            0x000008    0x000035
                            0x000036    0x000322
                            0x000323    0x00032a
 
                            805 program addresses used
 
                              Symbols
                     Name    Address   Location    Storage File
                ---------  ---------  ---------  --------- ---------
                    STK06   0x000010       data     extern MC30P8160.asm
                    STK05   0x000011       data     extern MC30P8160.asm
                    STK04   0x000012       data     extern MC30P8160.asm
                    STK03   0x000013       data     extern MC30P8160.asm
                    STK02   0x000014       data     extern MC30P8160.asm
                    STK01   0x000015       data     extern MC30P8160.asm
                    STK00   0x000016       data     extern MC30P8160.asm
               _CSAVE_ACC   0x000031       data     extern MC30P8160.asm
            _CSAVE_STATUS   0x000032       data     extern MC30P8160.asm
              _CPLAY_FLAG   0x000033       data     extern MC30P8160.asm
                   _flag1   0x000034       data     extern MC30P8160.asm
                   _flag2   0x000035       data     extern MC30P8160.asm
             _u16_get_val   0x00001f       data     extern MC30P8160.asm
           _u16_Press_val   0x000021       data     extern MC30P8160.asm
         _u16_release_val   0x000023       data     extern MC30P8160.asm
     _u16_release_val_TK0   0x000025       data     extern MC30P8160.asm
            _u16_temp_val   0x000027       data     extern MC30P8160.asm
        _u16_get_val_Temp   0x000029       data     extern MC30P8160.asm
         _u16_get_val_Min   0x00002b       data     extern MC30P8160.asm
 _u16_TK0_environment_val   0x00002d       data     extern MC30P8160.asm
_u16_TK0_environment_val_Sum   0x000017       data     extern MC30P8160.asm
          _TK0_Filter_Cnt   0x000036       data     extern MC30P8160.asm
           _FilterCnt_TK0   0x000037       data     extern MC30P8160.asm
                _SleepCnt   0x000038       data     extern MC30P8160.asm
        _u16_TK_Reset_Cnt   0x00002f       data     extern MC30P8160.asm
         _u8_WDT_18ms_Cnt   0x000039       data     extern MC30P8160.asm
              _PWM_Duty_W   0x00003a       data     extern MC30P8160.asm
              _PWM_Duty_Y   0x00003b       data     extern MC30P8160.asm
             _PWM_Duty_WY   0x00003c       data     extern MC30P8160.asm
             _T_key_Value   0x00003d       data     extern MC30P8160.asm
             _TK0_Key_Cnt   0x00003e       data     extern MC30P8160.asm
     _Power_Low_V_OFF_Cnt   0x00003f       data     extern MC30P8160.asm
             _T0_13ms_Cnt   0x000040       data     extern MC30P8160.asm
              _T0_5ms_Cnt   0x000041       data     extern MC30P8160.asm
                  r0x1023   0x00001b       data     static MC30P8160.asm
                  r0x1022   0x00001c       data     static MC30P8160.asm
                  r0x1025   0x00001d       data     static MC30P8160.asm
                  r0x1024   0x00001e       data     static MC30P8160.asm
             _uart_send_c   0x000042       data     extern MC30P8160.asm
         __sdcc_interrupt   0x000008    program     static MC30P8160.asm
                 _int_isr   0x000008    program     extern MC30P8160.asm
               _00470_DS_   0x000016    program     static MC30P8160.asm
               _00473_DS_   0x00001b    program     static MC30P8160.asm
               _00476_DS_   0x000027    program     static MC30P8160.asm
               _00480_DS_   0x00002e    program     static MC30P8160.asm
               _00482_DS_   0x000031    program     static MC30P8160.asm
         END_OF_INTERRUPT   0x000035    program     static MC30P8160.asm
                    _main   0x000036    program     extern MC30P8160.asm
               _00462_DS_   0x000050    program     static MC30P8160.asm
               _00458_DS_   0x000054    program     static MC30P8160.asm
               _00460_DS_   0x00005c    program     static MC30P8160.asm
                _CMP_Init   0x00005f    program     extern MC30P8160.asm
              _Sleep_mode   0x00006b    program     extern MC30P8160.asm
               _00440_DS_   0x000070    program     static MC30P8160.asm
               _00442_DS_   0x000076    program     static MC30P8160.asm
               _00443_DS_   0x00007e    program     static MC30P8160.asm
               _00445_DS_   0x000085    program     static MC30P8160.asm
               _00448_DS_   0x00008a    program     static MC30P8160.asm
             _TK_5S_Reset   0x00008b    program     extern MC30P8160.asm
               _00434_DS_   0x000096    program     static MC30P8160.asm
               _00422_DS_   0x00009a    program     static MC30P8160.asm
               _00424_DS_   0x00009c    program     static MC30P8160.asm
         _Power_Low_V_OFF   0x00009d    program     extern MC30P8160.asm
               _00411_DS_   0x0000ac    program     static MC30P8160.asm
               _00414_DS_   0x0000ad    program     static MC30P8160.asm
         _LED_PWM_Control   0x0000ae    program     extern MC30P8160.asm
               _00366_DS_   0x0000bd    program     static MC30P8160.asm
               _00363_DS_   0x0000c7    program     static MC30P8160.asm
               _00360_DS_   0x0000d1    program     static MC30P8160.asm
               _00369_DS_   0x0000dd    program     static MC30P8160.asm
               _00382_DS_   0x0000ec    program     static MC30P8160.asm
               _00379_DS_   0x0000f6    program     static MC30P8160.asm
               _00399_DS_   0x000100    program     static MC30P8160.asm
               _00396_DS_   0x00010a    program     static MC30P8160.asm
               _00393_DS_   0x000114    program     static MC30P8160.asm
               _00403_DS_   0x00011d    program     static MC30P8160.asm
               _PWM_Y_OFF   0x00011e    program     extern MC30P8160.asm
               _PWM_W_OFF   0x000122    program     extern MC30P8160.asm
        _T_Key_value_Read   0x000126    program     extern MC30P8160.asm
               _00341_DS_   0x000133    program     static MC30P8160.asm
               _00334_DS_   0x000145    program     static MC30P8160.asm
               _00336_DS_   0x000146    program     static MC30P8160.asm
               _00344_DS_   0x000148    program     static MC30P8160.asm
  _PWM_Direction_Judgment   0x000149    program     extern MC30P8160.asm
               _00310_DS_   0x000153    program     static MC30P8160.asm
               _00324_DS_   0x000155    program     static MC30P8160.asm
               _00313_DS_   0x00015f    program     static MC30P8160.asm
               _00321_DS_   0x000161    program     static MC30P8160.asm
               _00316_DS_   0x00016b    program     static MC30P8160.asm
               _00326_DS_   0x00016c    program     static MC30P8160.asm
                _TK0_Scan   0x00016d    program     extern MC30P8160.asm
               _00200_DS_   0x000170    program     static MC30P8160.asm
               _00202_DS_   0x000179    program     static MC30P8160.asm
               _00297_DS_   0x000197    program     static MC30P8160.asm
               _00204_DS_   0x00019b    program     static MC30P8160.asm
               _00298_DS_   0x0001ca    program     static MC30P8160.asm
               _00222_DS_   0x0001df    program     static MC30P8160.asm
               _00208_DS_   0x0001e8    program     static MC30P8160.asm
               _00209_DS_   0x0001fe    program     static MC30P8160.asm
               _00215_DS_   0x000225    program     static MC30P8160.asm
               _00216_DS_   0x00022e    program     static MC30P8160.asm
               _00301_DS_   0x00023b    program     static MC30P8160.asm
               _00233_DS_   0x000242    program     static MC30P8160.asm
               _00302_DS_   0x000248    program     static MC30P8160.asm
               _00225_DS_   0x00024e    program     static MC30P8160.asm
               _00303_DS_   0x000267    program     static MC30P8160.asm
               _00304_DS_   0x00026f    program     static MC30P8160.asm
               _00228_DS_   0x000271    program     static MC30P8160.asm
               _00229_DS_   0x000279    program     static MC30P8160.asm
               _00235_DS_   0x00027a    program     static MC30P8160.asm
            _TK0_release_   0x00027b    program     extern MC30P8160.asm
                _TK0_Init   0x00028b    program     extern MC30P8160.asm
              _TOUCH_Init   0x00029b    program     extern MC30P8160.asm
_TK_Sens_Threshold_value_Detection   0x0002a2    program     extern MC30P8160.asm
               _00139_DS_   0x0002ab    program     static MC30P8160.asm
               _00141_DS_   0x0002b1    program     static MC30P8160.asm
               _00180_DS_   0x0002b7    program     static MC30P8160.asm
               _00152_DS_   0x0002bc    program     static MC30P8160.asm
               _00181_DS_   0x0002c2    program     static MC30P8160.asm
               _00149_DS_   0x0002c7    program     static MC30P8160.asm
               _00182_DS_   0x0002cd    program     static MC30P8160.asm
               _00146_DS_   0x0002d2    program     static MC30P8160.asm
               _00183_DS_   0x0002d8    program     static MC30P8160.asm
               _00143_DS_   0x0002dd    program     static MC30P8160.asm
               _00153_DS_   0x0002df    program     static MC30P8160.asm
                 _IO_Init   0x0002e2    program     extern MC30P8160.asm
             _T1_PWM_Init   0x0002ed    program     extern MC30P8160.asm
            _T0_Time_Init   0x0002f4    program     extern MC30P8160.asm
                _Init_Sys   0x0002f9    program     extern MC30P8160.asm
               SET_OPTION   0x0002f9    program     static MC30P8160.asm
                 _Clr_Ram   0x000302    program     extern MC30P8160.asm
                  CLR_RAM   0x000302    program     static MC30P8160.asm
             CLR_RAM_LOOP   0x000306    program     static MC30P8160.asm
                _Delay_us   0x00030c    program     extern MC30P8160.asm
               _00114_DS_   0x00030d    program     static MC30P8160.asm
              _Delay_us_2   0x000315    program     extern MC30P8160.asm
               _00107_DS_   0x000318    program     static MC30P8160.asm
               _00109_DS_   0x000322    program     static MC30P8160.asm
                _INDFbits   00000000       data     extern mc30p8160.asm
                    _INDF   00000000       data     extern mc30p8160.asm
               _T0CNTbits   0x000001       data     extern mc30p8160.asm
                   _T0CNT   0x000001       data     extern mc30p8160.asm
                 _PCLbits   0x000002       data     extern mc30p8160.asm
                     _PCL   0x000002       data     extern mc30p8160.asm
              _STATUSbits   0x000003       data     extern mc30p8160.asm
                  _STATUS   0x000003       data     extern mc30p8160.asm
                 _FSRbits   0x000004       data     extern mc30p8160.asm
                     _FSR   0x000004       data     extern mc30p8160.asm
                  _P1bits   0x000006       data     extern mc30p8160.asm
                      _P1   0x000006       data     extern mc30p8160.asm
                 _MCRbits   0x000008       data     extern mc30p8160.asm
                     _MCR   0x000008       data     extern mc30p8160.asm
                _T0CRbits   0x000009       data     extern mc30p8160.asm
                    _T0CR   0x000009       data     extern mc30p8160.asm
              _PCLATHbits   0x00000a       data     extern mc30p8160.asm
                  _PCLATH   0x00000a       data     extern mc30p8160.asm
               _PDCONbits   0x00000b       data     extern mc30p8160.asm
                   _PDCON   0x00000b       data     extern mc30p8160.asm
               _ODCONbits   0x00000c       data     extern mc30p8160.asm
                   _ODCON   0x00000c       data     extern mc30p8160.asm
               _PUCONbits   0x00000d       data     extern mc30p8160.asm
                   _PUCON   0x00000d       data     extern mc30p8160.asm
                _INTEbits   0x00000e       data     extern mc30p8160.asm
                    _INTE   0x00000e       data     extern mc30p8160.asm
                _INTFbits   0x00000f       data     extern mc30p8160.asm
                    _INTF   0x00000f       data     extern mc30p8160.asm
             _PWM1CR0bits   0x000050       data     extern mc30p8160.asm
                 _PWM1CR0   0x000050       data     extern mc30p8160.asm
             _PWM1CR1bits   0x000051       data     extern mc30p8160.asm
                 _PWM1CR1   0x000051       data     extern mc30p8160.asm
             _PWM1CR2bits   0x000052       data     extern mc30p8160.asm
                 _PWM1CR2   0x000052       data     extern mc30p8160.asm
                _DDR1bits   0x000056       data     extern mc30p8160.asm
                    _DDR1   0x000056       data     extern mc30p8160.asm
               _TMRCRbits   0x000058       data     extern mc30p8160.asm
                   _TMRCR   0x000058       data     extern mc30p8160.asm
                _T1CRbits   0x000059       data     extern mc30p8160.asm
                    _T1CR   0x000059       data     extern mc30p8160.asm
               _T1CNTbits   0x00005a       data     extern mc30p8160.asm
                   _T1CNT   0x00005a       data     extern mc30p8160.asm
              _T1LOADbits   0x00005b       data     extern mc30p8160.asm
                  _T1LOAD   0x00005b       data     extern mc30p8160.asm
              _T1DATAbits   0x00005c       data     extern mc30p8160.asm
                  _T1DATA   0x00005c       data     extern mc30p8160.asm
              _T1DATBbits   0x00005d       data     extern mc30p8160.asm
                  _T1DATB   0x00005d       data     extern mc30p8160.asm
              _T1DATCbits   0x00005e       data     extern mc30p8160.asm
                  _T1DATC   0x00005e       data     extern mc30p8160.asm
              _T1DATDbits   0x00005f       data     extern mc30p8160.asm
                  _T1DATD   0x00005f       data     extern mc30p8160.asm
                _T2CRbits   0x000060       data     extern mc30p8160.asm
                    _T2CR   0x000060       data     extern mc30p8160.asm
              _T2CNTHbits   0x000061       data     extern mc30p8160.asm
                  _T2CNTH   0x000061       data     extern mc30p8160.asm
              _T2CNTLbits   0x000062       data     extern mc30p8160.asm
                  _T2CNTL   0x000062       data     extern mc30p8160.asm
             _T2LOADHbits   0x000063       data     extern mc30p8160.asm
                 _T2LOADH   0x000063       data     extern mc30p8160.asm
             _T2LOADLbits   0x000064       data     extern mc30p8160.asm
                 _T2LOADL   0x000064       data     extern mc30p8160.asm
              _P1KBCRbits   0x000065       data     extern mc30p8160.asm
                  _P1KBCR   0x000065       data     extern mc30p8160.asm
              _P1ADCRbits   0x000067       data     extern mc30p8160.asm
                  _P1ADCR   0x000067       data     extern mc30p8160.asm
              _CMPCR0bits   0x000068       data     extern mc30p8160.asm
                  _CMPCR0   0x000068       data     extern mc30p8160.asm
              _CMPCR1bits   0x000069       data     extern mc30p8160.asm
                  _CMPCR1   0x000069       data     extern mc30p8160.asm
              _CMPCR2bits   0x00006a       data     extern mc30p8160.asm
                  _CMPCR2   0x00006a       data     extern mc30p8160.asm
               _TKCR0bits   0x00006b       data     extern mc30p8160.asm
                   _TKCR0   0x00006b       data     extern mc30p8160.asm
               _TKCR1bits   0x00006c       data     extern mc30p8160.asm
                   _TKCR1   0x00006c       data     extern mc30p8160.asm
               _TKCR2bits   0x00006d       data     extern mc30p8160.asm
                   _TKCR2   0x00006d       data     extern mc30p8160.asm
              _TKCNTHbits   0x00006e       data     extern mc30p8160.asm
                  _TKCNTH   0x00006e       data     extern mc30p8160.asm
              _TKCNTLbits   0x00006f       data     extern mc30p8160.asm
                  _TKCNTL   0x00006f       data     extern mc30p8160.asm
                   _cinit   0x000323    program     extern  
 
