gplink-2.2.37 (Jan 22 2024)
Map File - Created 2024-12-10  11:48:56
 
                                 Section Info
                  Section       Type    Address   Location Size(Bytes)
                ---------  ---------  ---------  ---------  ---------
                  STARTUP       code   00000000    program   0x000002
         ID_MC30P8160_0_i       code   0x000001    program   0x000002
         ID_MC30P8160_1_i       code   0x000002    program   0x000002
              c_interrupt       code   0x000008    program   0x000050
           code_MC30P8160       code   0x000030    program   0x0005b6
             code__mulint       code   0x00030b    program   0x000084
                   .cinit       code   0x00034d    program   0x00001c
           ID_MC30P8160_0      idata   0x00004c       data   0x000001
           ID_MC30P8160_1      idata   0x00004d       data   0x000001
       UD_abs_mc30p8160_0      udata   00000000       data   0x000001
       UD_abs_mc30p8160_1      udata   0x000001       data   0x000001
       UD_abs_mc30p8160_2      udata   0x000002       data   0x000001
       UD_abs_mc30p8160_3      udata   0x000003       data   0x000001
       UD_abs_mc30p8160_4      udata   0x000004       data   0x000001
       UD_abs_mc30p8160_6      udata   0x000006       data   0x000001
       UD_abs_mc30p8160_8      udata   0x000008       data   0x000001
       UD_abs_mc30p8160_9      udata   0x000009       data   0x000001
       UD_abs_mc30p8160_a      udata   0x00000a       data   0x000001
       UD_abs_mc30p8160_b      udata   0x00000b       data   0x000001
       UD_abs_mc30p8160_c      udata   0x00000c       data   0x000001
       UD_abs_mc30p8160_d      udata   0x00000d       data   0x000001
       UD_abs_mc30p8160_e      udata   0x00000e       data   0x000001
       UD_abs_mc30p8160_f      udata   0x00000f       data   0x000001
                sharebank      udata   0x000010       data   0x000007
            UDL__mulint_0      udata   0x000017       data   0x00000a
          UDL_MC30P8160_0      udata   0x000021       data   0x000006
          UD_MC30P8160_14      udata   0x000027       data   0x000004
           UD_MC30P8160_5      udata   0x00002b       data   0x000002
           UD_MC30P8160_6      udata   0x00002d       data   0x000002
           UD_MC30P8160_7      udata   0x00002f       data   0x000002
           UD_MC30P8160_8      udata   0x000031       data   0x000002
           UD_MC30P8160_9      udata   0x000033       data   0x000002
          UD_MC30P8160_10      udata   0x000035       data   0x000002
          UD_MC30P8160_11      udata   0x000037       data   0x000002
          UD_MC30P8160_12      udata   0x000039       data   0x000002
          UD_MC30P8160_13      udata   0x00003b       data   0x000002
           UD_MC30P8160_0      udata   0x00003d       data   0x000001
           UD_MC30P8160_1      udata   0x00003e       data   0x000001
           UD_MC30P8160_2      udata   0x00003f       data   0x000001
           UD_MC30P8160_3      udata   0x000040       data   0x000001
           UD_MC30P8160_4      udata   0x000041       data   0x000001
          UD_MC30P8160_15      udata   0x000042       data   0x000001
          UD_MC30P8160_16      udata   0x000043       data   0x000001
          UD_MC30P8160_17      udata   0x000044       data   0x000001
          UD_MC30P8160_18      udata   0x000045       data   0x000001
          UD_MC30P8160_19      udata   0x000046       data   0x000001
          UD_MC30P8160_20      udata   0x000047       data   0x000001
          UD_MC30P8160_21      udata   0x000048       data   0x000001
          UD_MC30P8160_22      udata   0x000049       data   0x000001
          UD_MC30P8160_23      udata   0x00004a       data   0x000001
          UD_MC30P8160_24      udata   0x00004b       data   0x000001
      UD_abs_mc30p8160_50      udata   0x000050       data   0x000001
      UD_abs_mc30p8160_51      udata   0x000051       data   0x000001
      UD_abs_mc30p8160_52      udata   0x000052       data   0x000001
      UD_abs_mc30p8160_56      udata   0x000056       data   0x000001
      UD_abs_mc30p8160_58      udata   0x000058       data   0x000001
      UD_abs_mc30p8160_59      udata   0x000059       data   0x000001
      UD_abs_mc30p8160_5a      udata   0x00005a       data   0x000001
      UD_abs_mc30p8160_5b      udata   0x00005b       data   0x000001
      UD_abs_mc30p8160_5c      udata   0x00005c       data   0x000001
      UD_abs_mc30p8160_5d      udata   0x00005d       data   0x000001
      UD_abs_mc30p8160_5e      udata   0x00005e       data   0x000001
      UD_abs_mc30p8160_5f      udata   0x00005f       data   0x000001
      UD_abs_mc30p8160_60      udata   0x000060       data   0x000001
      UD_abs_mc30p8160_61      udata   0x000061       data   0x000001
      UD_abs_mc30p8160_62      udata   0x000062       data   0x000001
      UD_abs_mc30p8160_63      udata   0x000063       data   0x000001
      UD_abs_mc30p8160_64      udata   0x000064       data   0x000001
      UD_abs_mc30p8160_65      udata   0x000065       data   0x000001
      UD_abs_mc30p8160_67      udata   0x000067       data   0x000001
      UD_abs_mc30p8160_68      udata   0x000068       data   0x000001
      UD_abs_mc30p8160_69      udata   0x000069       data   0x000001
      UD_abs_mc30p8160_6a      udata   0x00006a       data   0x000001
      UD_abs_mc30p8160_6b      udata   0x00006b       data   0x000001
      UD_abs_mc30p8160_6c      udata   0x00006c       data   0x000001
      UD_abs_mc30p8160_6d      udata   0x00006d       data   0x000001
      UD_abs_mc30p8160_6e      udata   0x00006e       data   0x000001
      UD_abs_mc30p8160_6f      udata   0x00006f       data   0x000001
 
                              Program Memory Usage
                               Start         End
                           ---------   ---------
                            0x000001    0x000001
                            0x000002    0x000002
                            00000000    00000000
                            0x000008    0x00002f
                            0x000030    0x00030a
                            0x00030b    0x00034c
                            0x00034d    0x00035a
 
                            854 program addresses used
 
                              Symbols
                     Name    Address   Location    Storage File
                ---------  ---------  ---------  --------- ---------
                    STK06   0x000010       data     extern MC30P8160.asm
                    STK05   0x000011       data     extern MC30P8160.asm
                    STK04   0x000012       data     extern MC30P8160.asm
                    STK03   0x000013       data     extern MC30P8160.asm
                    STK02   0x000014       data     extern MC30P8160.asm
                    STK01   0x000015       data     extern MC30P8160.asm
                    STK00   0x000016       data     extern MC30P8160.asm
               _CSAVE_ACC   0x00003d       data     extern MC30P8160.asm
            _CSAVE_STATUS   0x00003e       data     extern MC30P8160.asm
              _CPLAY_FLAG   0x00003f       data     extern MC30P8160.asm
                   _flag1   0x000040       data     extern MC30P8160.asm
                   _flag2   0x000041       data     extern MC30P8160.asm
              _u16_TK_Cnt   0x00002b       data     extern MC30P8160.asm
             _u16_get_val   0x00002d       data     extern MC30P8160.asm
           _u16_Press_val   0x00002f       data     extern MC30P8160.asm
         _u16_release_val   0x000031       data     extern MC30P8160.asm
     _u16_release_val_TK0   0x000033       data     extern MC30P8160.asm
            _u16_temp_val   0x000035       data     extern MC30P8160.asm
        _u16_get_val_Temp   0x000037       data     extern MC30P8160.asm
         _u16_get_val_Min   0x000039       data     extern MC30P8160.asm
 _u16_TK0_environment_val   0x00003b       data     extern MC30P8160.asm
_u16_TK0_environment_val_Sum   0x000027       data     extern MC30P8160.asm
          _TK0_Filter_Cnt   0x000042       data     extern MC30P8160.asm
           _FilterCnt_TK0   0x000043       data     extern MC30P8160.asm
              _PWM_Duty_W   0x000044       data     extern MC30P8160.asm
             _PWM_Duty_WY   0x000045       data     extern MC30P8160.asm
        _PWM_Duty_WY_Temp   0x000046       data     extern MC30P8160.asm
             _T_key_Value   0x000047       data     extern MC30P8160.asm
             _TK0_Key_Cnt   0x000048       data     extern MC30P8160.asm
     _Power_Low_V_OFF_Cnt   0x000049       data     extern MC30P8160.asm
              _T0_5ms_Cnt   0x00004a       data     extern MC30P8160.asm
      _Key1PressCnt_Short   0x00004b       data     extern MC30P8160.asm
                  r0x101F   0x000021       data     static MC30P8160.asm
                  r0x101E   0x000022       data     static MC30P8160.asm
                  r0x1022   0x000023       data     static MC30P8160.asm
                  r0x1023   0x000024       data     static MC30P8160.asm
                  r0x1021   0x000025       data     static MC30P8160.asm
                  r0x1020   0x000026       data     static MC30P8160.asm
                _SleepCnt   0x00004c       data     extern MC30P8160.asm
             _uart_send_c   0x00004d       data     extern MC30P8160.asm
         __sdcc_interrupt   0x000008    program     static MC30P8160.asm
                 _int_isr   0x000008    program     extern MC30P8160.asm
               _00387_DS_   0x000016    program     static MC30P8160.asm
               _00390_DS_   0x00001b    program     static MC30P8160.asm
               _00395_DS_   0x000028    program     static MC30P8160.asm
               _00397_DS_   0x00002b    program     static MC30P8160.asm
         END_OF_INTERRUPT   0x00002f    program     static MC30P8160.asm
                    _main   0x000030    program     extern MC30P8160.asm
               _00379_DS_   0x000045    program     static MC30P8160.asm
               _00375_DS_   0x00004a    program     static MC30P8160.asm
               _00377_DS_   0x00004f    program     static MC30P8160.asm
                _CMP_Init   0x000052    program     extern MC30P8160.asm
              _Sleep_mode   0x00005e    program     extern MC30P8160.asm
               _00359_DS_   0x000063    program     static MC30P8160.asm
               _00360_DS_   0x000069    program     static MC30P8160.asm
               _00361_DS_   0x00006b    program     static MC30P8160.asm
               _00365_DS_   0x000072    program     static MC30P8160.asm
             _TK_3S_Reset   0x000073    program     extern MC30P8160.asm
               _00351_DS_   0x00007d    program     static MC30P8160.asm
               _00353_DS_   0x00007e    program     static MC30P8160.asm
         _LED_PWM_Control   0x00007f    program     extern MC30P8160.asm
               _00330_DS_   0x00008c    program     static MC30P8160.asm
               _00327_DS_   0x0000a8    program     static MC30P8160.asm
               _00324_DS_   0x0000b6    program     static MC30P8160.asm
               _00333_DS_   0x0000d4    program     static MC30P8160.asm
               _00339_DS_   0x0000df    program     static MC30P8160.asm
               _00343_DS_   0x0000e4    program     static MC30P8160.asm
               _PWM_Y_OFF   0x0000e5    program     extern MC30P8160.asm
               _PWM_W_OFF   0x0000e9    program     extern MC30P8160.asm
        _T_Key_value_Read   0x0000ed    program     extern MC30P8160.asm
               _00305_DS_   0x00010c    program     static MC30P8160.asm
               _00285_DS_   0x000123    program     static MC30P8160.asm
               _00288_DS_   0x000124    program     static MC30P8160.asm
               _00291_DS_   0x000139    program     static MC30P8160.asm
               _00296_DS_   0x000143    program     static MC30P8160.asm
               _00297_DS_   0x00014a    program     static MC30P8160.asm
               _00301_DS_   0x00014c    program     static MC30P8160.asm
               _00308_DS_   0x00014e    program     static MC30P8160.asm
  _PWM_Direction_Judgment   0x00014f    program     extern MC30P8160.asm
               _00272_DS_   0x000155    program     static MC30P8160.asm
               _00274_DS_   0x000156    program     static MC30P8160.asm
                _TK0_Scan   0x000157    program     extern MC30P8160.asm
               _00147_DS_   0x00015a    program     static MC30P8160.asm
               _00149_DS_   0x000163    program     static MC30P8160.asm
               _00257_DS_   0x000181    program     static MC30P8160.asm
               _00151_DS_   0x000185    program     static MC30P8160.asm
               _00258_DS_   0x0001b4    program     static MC30P8160.asm
               _00169_DS_   0x0001c9    program     static MC30P8160.asm
               _00155_DS_   0x0001d2    program     static MC30P8160.asm
               _00156_DS_   0x0001e8    program     static MC30P8160.asm
               _00162_DS_   0x00020f    program     static MC30P8160.asm
               _00163_DS_   0x000218    program     static MC30P8160.asm
               _00261_DS_   0x000225    program     static MC30P8160.asm
               _00185_DS_   0x00022c    program     static MC30P8160.asm
               _00263_DS_   0x000238    program     static MC30P8160.asm
               _00172_DS_   0x00023f    program     static MC30P8160.asm
               _00173_DS_   0x000242    program     static MC30P8160.asm
               _00264_DS_   0x000248    program     static MC30P8160.asm
               _00177_DS_   0x00024e    program     static MC30P8160.asm
               _00265_DS_   0x000267    program     static MC30P8160.asm
               _00266_DS_   0x00026f    program     static MC30P8160.asm
               _00180_DS_   0x000271    program     static MC30P8160.asm
               _00181_DS_   0x000279    program     static MC30P8160.asm
               _00187_DS_   0x00027a    program     static MC30P8160.asm
            _TK0_release_   0x00027b    program     extern MC30P8160.asm
                _TK0_Init   0x00028b    program     extern MC30P8160.asm
              _TOUCH_Init   0x00029f    program     extern MC30P8160.asm
                 _IO_Init   0x0002a6    program     extern MC30P8160.asm
             _T1_PWM_Init   0x0002b1    program     extern MC30P8160.asm
                 _Clr_Ram   0x0002c1    program     extern MC30P8160.asm
                  CLR_RAM   0x0002c1    program     static MC30P8160.asm
             CLR_RAM_LOOP   0x0002c5    program     static MC30P8160.asm
                _Init_Sys   0x0002cb    program     extern MC30P8160.asm
               SET_OPTION   0x0002cb    program     static MC30P8160.asm
                _Delay_us   0x0002f4    program     extern MC30P8160.asm
               _00114_DS_   0x0002f5    program     static MC30P8160.asm
              _Delay_us_2   0x0002fd    program     extern MC30P8160.asm
               _00107_DS_   0x000300    program     static MC30P8160.asm
               _00109_DS_   0x00030a    program     static MC30P8160.asm
                _INDFbits   00000000       data     extern mc30p8160.asm
                    _INDF   00000000       data     extern mc30p8160.asm
               _T0CNTbits   0x000001       data     extern mc30p8160.asm
                   _T0CNT   0x000001       data     extern mc30p8160.asm
                 _PCLbits   0x000002       data     extern mc30p8160.asm
                     _PCL   0x000002       data     extern mc30p8160.asm
              _STATUSbits   0x000003       data     extern mc30p8160.asm
                  _STATUS   0x000003       data     extern mc30p8160.asm
                 _FSRbits   0x000004       data     extern mc30p8160.asm
                     _FSR   0x000004       data     extern mc30p8160.asm
                  _P1bits   0x000006       data     extern mc30p8160.asm
                      _P1   0x000006       data     extern mc30p8160.asm
                 _MCRbits   0x000008       data     extern mc30p8160.asm
                     _MCR   0x000008       data     extern mc30p8160.asm
                _T0CRbits   0x000009       data     extern mc30p8160.asm
                    _T0CR   0x000009       data     extern mc30p8160.asm
              _PCLATHbits   0x00000a       data     extern mc30p8160.asm
                  _PCLATH   0x00000a       data     extern mc30p8160.asm
               _PDCONbits   0x00000b       data     extern mc30p8160.asm
                   _PDCON   0x00000b       data     extern mc30p8160.asm
               _ODCONbits   0x00000c       data     extern mc30p8160.asm
                   _ODCON   0x00000c       data     extern mc30p8160.asm
               _PUCONbits   0x00000d       data     extern mc30p8160.asm
                   _PUCON   0x00000d       data     extern mc30p8160.asm
                _INTEbits   0x00000e       data     extern mc30p8160.asm
                    _INTE   0x00000e       data     extern mc30p8160.asm
                _INTFbits   0x00000f       data     extern mc30p8160.asm
                    _INTF   0x00000f       data     extern mc30p8160.asm
             _PWM1CR0bits   0x000050       data     extern mc30p8160.asm
                 _PWM1CR0   0x000050       data     extern mc30p8160.asm
             _PWM1CR1bits   0x000051       data     extern mc30p8160.asm
                 _PWM1CR1   0x000051       data     extern mc30p8160.asm
             _PWM1CR2bits   0x000052       data     extern mc30p8160.asm
                 _PWM1CR2   0x000052       data     extern mc30p8160.asm
                _DDR1bits   0x000056       data     extern mc30p8160.asm
                    _DDR1   0x000056       data     extern mc30p8160.asm
               _TMRCRbits   0x000058       data     extern mc30p8160.asm
                   _TMRCR   0x000058       data     extern mc30p8160.asm
                _T1CRbits   0x000059       data     extern mc30p8160.asm
                    _T1CR   0x000059       data     extern mc30p8160.asm
               _T1CNTbits   0x00005a       data     extern mc30p8160.asm
                   _T1CNT   0x00005a       data     extern mc30p8160.asm
              _T1LOADbits   0x00005b       data     extern mc30p8160.asm
                  _T1LOAD   0x00005b       data     extern mc30p8160.asm
              _T1DATAbits   0x00005c       data     extern mc30p8160.asm
                  _T1DATA   0x00005c       data     extern mc30p8160.asm
              _T1DATBbits   0x00005d       data     extern mc30p8160.asm
                  _T1DATB   0x00005d       data     extern mc30p8160.asm
              _T1DATCbits   0x00005e       data     extern mc30p8160.asm
                  _T1DATC   0x00005e       data     extern mc30p8160.asm
              _T1DATDbits   0x00005f       data     extern mc30p8160.asm
                  _T1DATD   0x00005f       data     extern mc30p8160.asm
                _T2CRbits   0x000060       data     extern mc30p8160.asm
                    _T2CR   0x000060       data     extern mc30p8160.asm
              _T2CNTHbits   0x000061       data     extern mc30p8160.asm
                  _T2CNTH   0x000061       data     extern mc30p8160.asm
              _T2CNTLbits   0x000062       data     extern mc30p8160.asm
                  _T2CNTL   0x000062       data     extern mc30p8160.asm
             _T2LOADHbits   0x000063       data     extern mc30p8160.asm
                 _T2LOADH   0x000063       data     extern mc30p8160.asm
             _T2LOADLbits   0x000064       data     extern mc30p8160.asm
                 _T2LOADL   0x000064       data     extern mc30p8160.asm
              _P1KBCRbits   0x000065       data     extern mc30p8160.asm
                  _P1KBCR   0x000065       data     extern mc30p8160.asm
              _P1ADCRbits   0x000067       data     extern mc30p8160.asm
                  _P1ADCR   0x000067       data     extern mc30p8160.asm
              _CMPCR0bits   0x000068       data     extern mc30p8160.asm
                  _CMPCR0   0x000068       data     extern mc30p8160.asm
              _CMPCR1bits   0x000069       data     extern mc30p8160.asm
                  _CMPCR1   0x000069       data     extern mc30p8160.asm
              _CMPCR2bits   0x00006a       data     extern mc30p8160.asm
                  _CMPCR2   0x00006a       data     extern mc30p8160.asm
               _TKCR0bits   0x00006b       data     extern mc30p8160.asm
                   _TKCR0   0x00006b       data     extern mc30p8160.asm
               _TKCR1bits   0x00006c       data     extern mc30p8160.asm
                   _TKCR1   0x00006c       data     extern mc30p8160.asm
               _TKCR2bits   0x00006d       data     extern mc30p8160.asm
                   _TKCR2   0x00006d       data     extern mc30p8160.asm
              _TKCNTHbits   0x00006e       data     extern mc30p8160.asm
                  _TKCNTH   0x00006e       data     extern mc30p8160.asm
              _TKCNTLbits   0x00006f       data     extern mc30p8160.asm
                  _TKCNTL   0x00006f       data     extern mc30p8160.asm
                  r0x1001   0x000017       data     static _mulint.asm
                  r0x1000   0x000018       data     static _mulint.asm
                  r0x1003   0x000019       data     static _mulint.asm
                  r0x1002   0x00001a       data     static _mulint.asm
                  r0x1004   0x00001b       data     static _mulint.asm
                  r0x1005   0x00001c       data     static _mulint.asm
                  r0x1006   0x00001d       data     static _mulint.asm
                  r0x1007   0x00001e       data     static _mulint.asm
                  r0x1008   0x00001f       data     static _mulint.asm
                  r0x1009   0x000020       data     static _mulint.asm
                 __mulint   0x00030b    program     extern _mulint.asm
               _00119_DS_   0x000316    program     static _mulint.asm
               _00109_DS_   0x00031e    program     static _mulint.asm
               _00114_DS_   0x000330    program     static _mulint.asm
                   _cinit   0x00034d    program     extern  
 
