gplink-2.2.31 (Mar 15 2022)
Map File - Created 2023-4-3  11:58:41
 
                                 Section Info
                  Section       Type    Address   Location Size(Bytes)
                ---------  ---------  ---------  ---------  ---------
                  STARTUP       code   00000000    program   0x000002
              c_interrupt       code   0x000008    program   0x00001e
        code_MC30P8160_TK       code   0x000017    program   0x000350
      code_MC30P8160_UART       code   0x0001bf    program   0x00013e
           code_MC30P8160       code   0x00025e    program   0x0000c8
       UD_abs_mc30p8160_0      udata   00000000       data   0x000001
       UD_abs_mc30p8160_1      udata   0x000001       data   0x000001
       UD_abs_mc30p8160_2      udata   0x000002       data   0x000001
       UD_abs_mc30p8160_3      udata   0x000003       data   0x000001
       UD_abs_mc30p8160_4      udata   0x000004       data   0x000001
       UD_abs_mc30p8160_6      udata   0x000006       data   0x000001
       UD_abs_mc30p8160_8      udata   0x000008       data   0x000001
       UD_abs_mc30p8160_9      udata   0x000009       data   0x000001
       UD_abs_mc30p8160_a      udata   0x00000a       data   0x000001
       UD_abs_mc30p8160_b      udata   0x00000b       data   0x000001
       UD_abs_mc30p8160_c      udata   0x00000c       data   0x000001
       UD_abs_mc30p8160_d      udata   0x00000d       data   0x000001
       UD_abs_mc30p8160_e      udata   0x00000e       data   0x000001
       UD_abs_mc30p8160_f      udata   0x00000f       data   0x000001
                sharebank      udata   0x000010       data   0x000007
          UDL_MC30P8160_0      udata   0x000017       data   0x000004
           UD_MC30P8160_0      udata   0x00001b       data   0x000001
           UD_MC30P8160_1      udata   0x00001c       data   0x000001
           UD_MC30P8160_2      udata   0x00001d       data   0x000001
           UD_MC30P8160_3      udata   0x00001e       data   0x000001
           UD_MC30P8160_4      udata   0x00001f       data   0x000001
           UD_MC30P8160_5      udata   0x000020       data   0x000001
           UD_MC30P8160_6      udata   0x000021       data   0x000001
           UD_MC30P8160_7      udata   0x000022       data   0x000001
           UD_MC30P8160_8      udata   0x000023       data   0x000001
           UD_MC30P8160_9      udata   0x000024       data   0x000001
          UD_MC30P8160_10      udata   0x000025       data   0x000001
        UD_MC30P8160_TK_0      udata   0x000026       data   0x000001
        UD_MC30P8160_TK_1      udata   0x000027       data   0x000001
        UD_MC30P8160_TK_2      udata   0x000028       data   0x000001
        UD_MC30P8160_TK_3      udata   0x000029       data   0x000001
        UD_MC30P8160_TK_4      udata   0x00002a       data   0x000001
        UD_MC30P8160_TK_5      udata   0x00002b       data   0x000001
        UD_MC30P8160_TK_6      udata   0x00002c       data   0x000001
        UD_MC30P8160_TK_7      udata   0x00002d       data   0x000001
        UD_MC30P8160_TK_8      udata   0x00002e       data   0x000001
        UD_MC30P8160_TK_9      udata   0x00002f       data   0x000001
       UD_MC30P8160_TK_10      udata   0x000030       data   0x000001
       UD_MC30P8160_TK_11      udata   0x000031       data   0x000001
       UD_MC30P8160_TK_12      udata   0x000032       data   0x000001
       UD_MC30P8160_TK_13      udata   0x000033       data   0x000001
       UD_MC30P8160_TK_14      udata   0x000034       data   0x000001
       UD_MC30P8160_TK_15      udata   0x000035       data   0x000001
       UD_MC30P8160_TK_16      udata   0x000036       data   0x000001
       UD_MC30P8160_TK_17      udata   0x000037       data   0x000001
       UD_MC30P8160_TK_18      udata   0x000038       data   0x000001
       UD_MC30P8160_TK_19      udata   0x000039       data   0x000001
       UD_MC30P8160_TK_20      udata   0x00003a       data   0x000001
       UD_MC30P8160_TK_21      udata   0x00003b       data   0x000001
       UD_MC30P8160_TK_22      udata   0x00003c       data   0x000001
       UD_MC30P8160_TK_23      udata   0x00003d       data   0x000001
       UD_MC30P8160_TK_24      udata   0x00003e       data   0x000001
       UD_MC30P8160_TK_25      udata   0x00003f       data   0x000001
       UD_MC30P8160_TK_26      udata   0x000040       data   0x000001
       UD_MC30P8160_TK_27      udata   0x000041       data   0x000001
       UD_MC30P8160_TK_28      udata   0x000042       data   0x000001
       UD_MC30P8160_TK_29      udata   0x000043       data   0x000001
       UD_MC30P8160_TK_30      udata   0x000044       data   0x000001
      UD_MC30P8160_UART_0      udata   0x000045       data   0x000001
      UD_MC30P8160_UART_1      udata   0x000046       data   0x000001
      UD_MC30P8160_UART_2      udata   0x000047       data   0x000001
      UD_MC30P8160_UART_3      udata   0x000048       data   0x000001
      UD_MC30P8160_UART_4      udata   0x000049       data   0x000001
      UD_MC30P8160_UART_5      udata   0x00004a       data   0x000001
      UD_abs_mc30p8160_50      udata   0x000050       data   0x000001
      UD_abs_mc30p8160_51      udata   0x000051       data   0x000001
      UD_abs_mc30p8160_52      udata   0x000052       data   0x000001
      UD_abs_mc30p8160_56      udata   0x000056       data   0x000001
      UD_abs_mc30p8160_58      udata   0x000058       data   0x000001
      UD_abs_mc30p8160_59      udata   0x000059       data   0x000001
      UD_abs_mc30p8160_5a      udata   0x00005a       data   0x000001
      UD_abs_mc30p8160_5b      udata   0x00005b       data   0x000001
      UD_abs_mc30p8160_5c      udata   0x00005c       data   0x000001
      UD_abs_mc30p8160_5d      udata   0x00005d       data   0x000001
      UD_abs_mc30p8160_5e      udata   0x00005e       data   0x000001
      UD_abs_mc30p8160_5f      udata   0x00005f       data   0x000001
      UD_abs_mc30p8160_60      udata   0x000060       data   0x000001
      UD_abs_mc30p8160_61      udata   0x000061       data   0x000001
      UD_abs_mc30p8160_62      udata   0x000062       data   0x000001
      UD_abs_mc30p8160_63      udata   0x000063       data   0x000001
      UD_abs_mc30p8160_64      udata   0x000064       data   0x000001
      UD_abs_mc30p8160_65      udata   0x000065       data   0x000001
      UD_abs_mc30p8160_67      udata   0x000067       data   0x000001
      UD_abs_mc30p8160_68      udata   0x000068       data   0x000001
      UD_abs_mc30p8160_69      udata   0x000069       data   0x000001
      UD_abs_mc30p8160_6a      udata   0x00006a       data   0x000001
      UD_abs_mc30p8160_6c      udata   0x00006c       data   0x000001
      UD_abs_mc30p8160_6d      udata   0x00006d       data   0x000001
      UD_abs_mc30p8160_6e      udata   0x00006e       data   0x000001
      UD_abs_mc30p8160_6f      udata   0x00006f       data   0x000001
 
                              Program Memory Usage
                               Start         End
                           ---------   ---------
                            00000000    00000000
                            0x000008    0x000016
                            0x00025e    0x0002c1
                            0x000017    0x0001be
                            0x0001bf    0x00025d
 
                            699 program addresses used
 
                              Symbols
                     Name    Address   Location    Storage File
                ---------  ---------  ---------  --------- ---------
                    STK06   0x000010       data     extern MC30P8160.asm
                    STK05   0x000011       data     extern MC30P8160.asm
                    STK04   0x000012       data     extern MC30P8160.asm
                    STK03   0x000013       data     extern MC30P8160.asm
                    STK02   0x000014       data     extern MC30P8160.asm
                    STK01   0x000015       data     extern MC30P8160.asm
                    STK00   0x000016       data     extern MC30P8160.asm
               _CSAVE_ACC   0x00001b       data     extern MC30P8160.asm
            _CSAVE_STATUS   0x00001c       data     extern MC30P8160.asm
              _CPLAY_FLAG   0x00001d       data     extern MC30P8160.asm
                  _CTEMP0   0x00001e       data     extern MC30P8160.asm
                  _CTEMP1   0x00001f       data     extern MC30P8160.asm
                  _CTEMP2   0x000020       data     extern MC30P8160.asm
                  _CTEMP3   0x000021       data     extern MC30P8160.asm
                  _CTEMP4   0x000022       data     extern MC30P8160.asm
                  _CTEMP5   0x000023       data     extern MC30P8160.asm
                  _CTEMP6   0x000024       data     extern MC30P8160.asm
                  _CTEMP7   0x000025       data     extern MC30P8160.asm
                  r0x1003   0x000017       data     static MC30P8160.asm
                  r0x1004   0x000018       data     static MC30P8160.asm
                  r0x1005   0x000019       data     static MC30P8160.asm
                  r0x1002   0x00001a       data     static MC30P8160.asm
         __sdcc_interrupt   0x000008    program     static MC30P8160.asm
                 _int_isr   0x000008    program     extern MC30P8160.asm
               _00124_DS_   0x00000e    program     static MC30P8160.asm
               _00126_DS_   0x000012    program     static MC30P8160.asm
         END_OF_INTERRUPT   0x000016    program     static MC30P8160.asm
                    _main   0x00025e    program     extern MC30P8160.asm
               _00118_DS_   0x000263    program     static MC30P8160.asm
               _00114_DS_   0x00026c    program     static MC30P8160.asm
               _TOUCH_OUT   0x000289    program     extern MC30P8160.asm
               _00132_DS_   0x000291    program     static MC30P8160.asm
               _00134_DS_   0x000292    program     static MC30P8160.asm
                 _Clr_Ram   0x000293    program     extern MC30P8160.asm
                  CLR_RAM   0x000293    program     static MC30P8160.asm
             CLR_RAM_LOOP   0x000297    program     static MC30P8160.asm
                _Init_Sys   0x00029d    program     extern MC30P8160.asm
               SET_OPTION   0x00029d    program     static MC30P8160.asm
        _CTOUCH_SCAN_LIST   0x000026       data     extern MC30P8160_TK.asm
        _CTOUCH_SCAN_TONE   0x000027       data     extern MC30P8160_TK.asm
        _CTOUCH_DEBOUNCE1   0x000028       data     extern MC30P8160_TK.asm
        _CTOUCH_DEBOUNCE2   0x000029       data     extern MC30P8160_TK.asm
        _CTOUCH_DEBOUNCE3   0x00002a       data     extern MC30P8160_TK.asm
        _CTOUCH_DEBOUNCE4   0x00002b       data     extern MC30P8160_TK.asm
             _CTKCNTL_NEW   0x00002c       data     extern MC30P8160_TK.asm
             _CTKCNTH_NEW   0x00002d       data     extern MC30P8160_TK.asm
             _CTOUCH_FLAG   0x00002e       data     extern MC30P8160_TK.asm
            _CTOUCH_TEMP1   0x00002f       data     extern MC30P8160_TK.asm
            _CTOUCH_TEMP2   0x000030       data     extern MC30P8160_TK.asm
            _CTOUCH_TEMP3   0x000031       data     extern MC30P8160_TK.asm
            _CTOUCH_TEMP4   0x000032       data     extern MC30P8160_TK.asm
            _CTOUCH_TEMP5   0x000033       data     extern MC30P8160_TK.asm
            _CTOUCH_TEMP6   0x000034       data     extern MC30P8160_TK.asm
           _CTKCNT0_SAVEH   0x000035       data     extern MC30P8160_TK.asm
           _CTKCNT0_SAVEL   0x000036       data     extern MC30P8160_TK.asm
           _CTKCNT0_BASEH   0x000037       data     extern MC30P8160_TK.asm
           _CTKCNT0_BASEL   0x000038       data     extern MC30P8160_TK.asm
           _CTKCNT1_SAVEH   0x000039       data     extern MC30P8160_TK.asm
           _CTKCNT1_SAVEL   0x00003a       data     extern MC30P8160_TK.asm
           _CTKCNT1_BASEH   0x00003b       data     extern MC30P8160_TK.asm
           _CTKCNT1_BASEL   0x00003c       data     extern MC30P8160_TK.asm
           _CTKCNT2_SAVEH   0x00003d       data     extern MC30P8160_TK.asm
           _CTKCNT2_SAVEL   0x00003e       data     extern MC30P8160_TK.asm
           _CTKCNT2_BASEH   0x00003f       data     extern MC30P8160_TK.asm
           _CTKCNT2_BASEL   0x000040       data     extern MC30P8160_TK.asm
           _CTKCNT3_SAVEH   0x000041       data     extern MC30P8160_TK.asm
           _CTKCNT3_SAVEL   0x000042       data     extern MC30P8160_TK.asm
           _CTKCNT3_BASEH   0x000043       data     extern MC30P8160_TK.asm
           _CTKCNT3_BASEL   0x000044       data     extern MC30P8160_TK.asm
                _TK_SLEEP   0x000017    program     extern MC30P8160_TK.asm
                 TK_SLEEP   0x000017    program     static MC30P8160_TK.asm
               WDT_WAKEUP   0x00002a    program     static MC30P8160_TK.asm
             TK_SLEEP_RET   0x00002c    program     static MC30P8160_TK.asm
              _SCAN_TOUCH   0x00002e    program     extern MC30P8160_TK.asm
         SCAN_TOUCH_STEP1   0x000035    program     static MC30P8160_TK.asm
    SCAN_TOUCH_STEP3_SAVE   0x00003c    program     static MC30P8160_TK.asm
SCAN_TOUCH_STEP3_SAVE_DATA   0x000043    program     static MC30P8160_TK.asm
   SCAN_TOUCH_STEP1_TONE0   0x00004a    program     static MC30P8160_TK.asm
   SCAN_TOUCH_STEP1_TONE1   0x000054    program     static MC30P8160_TK.asm
   SCAN_TOUCH_STEP1_TONE2   0x00005e    program     static MC30P8160_TK.asm
   SCAN_TOUCH_STEP1_TONE3   0x000068    program     static MC30P8160_TK.asm
    SCAN_TOUCH_STEP1_NEXT   0x000072    program     static MC30P8160_TK.asm
         SCAN_TOUCH_STEP2   0x000081    program     static MC30P8160_TK.asm
         SCAN_TOUCH_STEP3   0x000092    program     static MC30P8160_TK.asm
   SCAN_TOUCH_STEP3_TONE0   0x00009c    program     static MC30P8160_TK.asm
   SCAN_TOUCH_STEP3_TONE1   0x0000ad    program     static MC30P8160_TK.asm
   SCAN_TOUCH_STEP3_TONE2   0x0000be    program     static MC30P8160_TK.asm
   SCAN_TOUCH_STEP3_TONE3   0x0000cf    program     static MC30P8160_TK.asm
   SCAN_TOUCH_STEP3_CHECK   0x0000e0    program     static MC30P8160_TK.asm
SCAN_TOUCH_STEP3_CHECK_MAX   0x0000e9    program     static MC30P8160_TK.asm
SCAN_TOUCH_STEP3_CHECK_NEXT   0x0000ed    program     static MC30P8160_TK.asm
 SCAN_TOUCH_STEP3_TOPRESS   0x0000ef    program     static MC30P8160_TK.asm
     SCAN_TOUCH_STEP3_PRE   0x0000fc    program     static MC30P8160_TK.asm
 SCAN_TOUCH_STEP3_PRE_MAX   0x00010d    program     static MC30P8160_TK.asm
SCAN_TOUCH_STEP3_PRE_NEXT   0x00010f    program     static MC30P8160_TK.asm
  SCAN_TOUCH_STEP3_NORMAL   0x000118    program     static MC30P8160_TK.asm
 SCAN_TOUCH_STEP3_NORMAL2   0x00011e    program     static MC30P8160_TK.asm
SCAN_TOUCH_STEP3_NORMAL_KEYHOLD   0x00012f    program     static MC30P8160_TK.asm
SCAN_TOUCH_STEP3_NORMAL_KEYUNHOLD   0x00013a    program     static MC30P8160_TK.asm
SCAN_TOUCH_STEP3_SAVEDEBOUNCE   0x00013b    program     static MC30P8160_TK.asm
SCAN_TOUCH_STEP3_TORELEASE   0x000141    program     static MC30P8160_TK.asm
 SCAN_TOUCH_STEP3_RELEASE   0x00014a    program     static MC30P8160_TK.asm
SCAN_TOUCH_STEP3_RELEASE_SET   0x000150    program     static MC30P8160_TK.asm
     SCAN_TOUCH_STEP3_BAD   0x000153    program     static MC30P8160_TK.asm
 SCAN_TOUCH_STEP3_RECHECK   0x00015d    program     static MC30P8160_TK.asm
SCAN_TOUCH_STEP3_BAKTONE0   0x00015f    program     static MC30P8160_TK.asm
SCAN_TOUCH_STEP3_SAVETONE0   0x000164    program     static MC30P8160_TK.asm
SCAN_TOUCH_STEP3_BAKTONE1   0x000169    program     static MC30P8160_TK.asm
SCAN_TOUCH_STEP3_SAVETONE1   0x00016e    program     static MC30P8160_TK.asm
SCAN_TOUCH_STEP3_BAKTONE2   0x000173    program     static MC30P8160_TK.asm
SCAN_TOUCH_STEP3_SAVETONE2   0x000178    program     static MC30P8160_TK.asm
SCAN_TOUCH_STEP3_BAKTONE3   0x00017d    program     static MC30P8160_TK.asm
SCAN_TOUCH_STEP3_SAVETONE3   0x000182    program     static MC30P8160_TK.asm
    SCAN_TOUCH_STEP3_NEXT   0x000187    program     static MC30P8160_TK.asm
   SCAN_TOUCH_STEP3_NEXT1   0x00018e    program     static MC30P8160_TK.asm
                SUB_2BYTE   0x000194    program     static MC30P8160_TK.asm
       _SET_TOUCH_OPTION2   0x0001a7    program     extern MC30P8160_TK.asm
        SET_TOUCH_OPTION2   0x0001a7    program     static MC30P8160_TK.asm
        _SET_TOUCH_OPTION   0x0001b1    program     extern MC30P8160_TK.asm
         SET_TOUCH_OPTION   0x0001b1    program     static MC30P8160_TK.asm
          _CUART_OUT_DATA   0x000045       data     extern MC30P8160_UART.asm
          _CUART_OUT_LIST   0x000046       data     extern MC30P8160_UART.asm
         _CUART_OUT_LIST2   0x000047       data     extern MC30P8160_UART.asm
      _CUART_OUT_CHECKSUM   0x000048       data     extern MC30P8160_UART.asm
         _CUART_OUT_COUNT   0x000049       data     extern MC30P8160_UART.asm
     _CUART_OUT_DATA_TEMP   0x00004a       data     extern MC30P8160_UART.asm
           _SCAN_UART_OUT   0x0001bf    program     extern MC30P8160_UART.asm
            SCAN_UART_OUT   0x0001bf    program     static MC30P8160_UART.asm
       SCAN_UART_OUT_LIST   0x0001c4    program     static MC30P8160_UART.asm
       SCAN_UART_OUT_HEAD   0x0001cb    program     static MC30P8160_UART.asm
       SCAN_UART_OUT_DATA   0x0001d4    program     static MC30P8160_UART.asm
   SCAN_UART_OUT_DATA_END   0x0001e7    program     static MC30P8160_UART.asm
    SCAN_UART_OUT_ENDCODE   0x0001ea    program     static MC30P8160_UART.asm
     SCAN_UART_OUT_SAVE0L   0x0001f2    program     static MC30P8160_UART.asm
     SCAN_UART_OUT_SAVE0H   0x0001f4    program     static MC30P8160_UART.asm
     SCAN_UART_OUT_BASE0L   0x0001f6    program     static MC30P8160_UART.asm
     SCAN_UART_OUT_BASE0H   0x0001f8    program     static MC30P8160_UART.asm
     SCAN_UART_OUT_SAVE1L   0x0001fa    program     static MC30P8160_UART.asm
     SCAN_UART_OUT_SAVE1H   0x0001fc    program     static MC30P8160_UART.asm
     SCAN_UART_OUT_BASE1L   0x0001fe    program     static MC30P8160_UART.asm
     SCAN_UART_OUT_BASE1H   0x000200    program     static MC30P8160_UART.asm
     SCAN_UART_OUT_SAVE2L   0x000202    program     static MC30P8160_UART.asm
     SCAN_UART_OUT_SAVE2H   0x000204    program     static MC30P8160_UART.asm
     SCAN_UART_OUT_BASE2L   0x000206    program     static MC30P8160_UART.asm
     SCAN_UART_OUT_BASE2H   0x000208    program     static MC30P8160_UART.asm
     SCAN_UART_OUT_SAVE3L   0x00020a    program     static MC30P8160_UART.asm
     SCAN_UART_OUT_SAVE3H   0x00020c    program     static MC30P8160_UART.asm
     SCAN_UART_OUT_BASE3L   0x00020e    program     static MC30P8160_UART.asm
     SCAN_UART_OUT_BASE3H   0x000210    program     static MC30P8160_UART.asm
      SCAN_UART_OUT_HEAD1   0x000212    program     static MC30P8160_UART.asm
      SCAN_UART_OUT_HEAD2   0x000214    program     static MC30P8160_UART.asm
      SCAN_UART_OUT_HEAD3   0x000216    program     static MC30P8160_UART.asm
      SCAN_UART_OUT_CHECK   0x00021c    program     static MC30P8160_UART.asm
    SCAN_UART_OUTCHECKSUM   0x00021f    program     static MC30P8160_UART.asm
         SCAN_UART_OUTING   0x000221    program     static MC30P8160_UART.asm
    SCAN_UART_OUT_ENDBYTE   0x000225    program     static MC30P8160_UART.asm
           _OPEN_OUT_UART   0x00022d    program     extern MC30P8160_UART.asm
            OPEN_OUT_UART   0x00022d    program     static MC30P8160_UART.asm
        _SET_UART_9600BPS   0x000236    program     extern MC30P8160_UART.asm
         SET_UART_9600BPS   0x000236    program     static MC30P8160_UART.asm
                _UART_SUB   0x00023e    program     extern MC30P8160_UART.asm
                 UART_SUB   0x00023e    program     static MC30P8160_UART.asm
          UART_SUB_OUT_FG   0x00024a    program     static MC30P8160_UART.asm
             UART_SUB_OUT   0x00024e    program     static MC30P8160_UART.asm
        UART_SUB_OUT_HIGH   0x000250    program     static MC30P8160_UART.asm
         UART_SUB_OUT_LOW   0x000252    program     static MC30P8160_UART.asm
            UART_SUB_NEXT   0x000254    program     static MC30P8160_UART.asm
      UART_SUB_OUT_ENDBIT   0x000256    program     static MC30P8160_UART.asm
       UART_SUB_WAIT_NEXT   0x000259    program     static MC30P8160_UART.asm
                _INDFbits   00000000       data     extern mc30p8160.asm
                    _INDF   00000000       data     extern mc30p8160.asm
               _T0CNTbits   0x000001       data     extern mc30p8160.asm
                   _T0CNT   0x000001       data     extern mc30p8160.asm
                 _PCLbits   0x000002       data     extern mc30p8160.asm
                     _PCL   0x000002       data     extern mc30p8160.asm
              _STATUSbits   0x000003       data     extern mc30p8160.asm
                  _STATUS   0x000003       data     extern mc30p8160.asm
                 _FSRbits   0x000004       data     extern mc30p8160.asm
                     _FSR   0x000004       data     extern mc30p8160.asm
                  _P1bits   0x000006       data     extern mc30p8160.asm
                      _P1   0x000006       data     extern mc30p8160.asm
                 _MCRbits   0x000008       data     extern mc30p8160.asm
                     _MCR   0x000008       data     extern mc30p8160.asm
                _T0CRbits   0x000009       data     extern mc30p8160.asm
                    _T0CR   0x000009       data     extern mc30p8160.asm
              _PCLATHbits   0x00000a       data     extern mc30p8160.asm
                  _PCLATH   0x00000a       data     extern mc30p8160.asm
               _PDCONbits   0x00000b       data     extern mc30p8160.asm
                   _PDCON   0x00000b       data     extern mc30p8160.asm
               _ODCONbits   0x00000c       data     extern mc30p8160.asm
                   _ODCON   0x00000c       data     extern mc30p8160.asm
               _PUCONbits   0x00000d       data     extern mc30p8160.asm
                   _PUCON   0x00000d       data     extern mc30p8160.asm
                _INTEbits   0x00000e       data     extern mc30p8160.asm
                    _INTE   0x00000e       data     extern mc30p8160.asm
                _INTFbits   0x00000f       data     extern mc30p8160.asm
                    _INTF   0x00000f       data     extern mc30p8160.asm
             _PWM1CR0bits   0x000050       data     extern mc30p8160.asm
                 _PWM1CR0   0x000050       data     extern mc30p8160.asm
             _PWM1CR1bits   0x000051       data     extern mc30p8160.asm
                 _PWM1CR1   0x000051       data     extern mc30p8160.asm
             _PWM1CR2bits   0x000052       data     extern mc30p8160.asm
                 _PWM1CR2   0x000052       data     extern mc30p8160.asm
                _DDR1bits   0x000056       data     extern mc30p8160.asm
                    _DDR1   0x000056       data     extern mc30p8160.asm
               _TMRCRbits   0x000058       data     extern mc30p8160.asm
                   _TMRCR   0x000058       data     extern mc30p8160.asm
                _T1CRbits   0x000059       data     extern mc30p8160.asm
                    _T1CR   0x000059       data     extern mc30p8160.asm
               _T1CNTbits   0x00005a       data     extern mc30p8160.asm
                   _T1CNT   0x00005a       data     extern mc30p8160.asm
              _T1LOADbits   0x00005b       data     extern mc30p8160.asm
                  _T1LOAD   0x00005b       data     extern mc30p8160.asm
              _T1DATAbits   0x00005c       data     extern mc30p8160.asm
                  _T1DATA   0x00005c       data     extern mc30p8160.asm
              _T1DATBbits   0x00005d       data     extern mc30p8160.asm
                  _T1DATB   0x00005d       data     extern mc30p8160.asm
              _T1DATCbits   0x00005e       data     extern mc30p8160.asm
                  _T1DATC   0x00005e       data     extern mc30p8160.asm
              _T1DATDbits   0x00005f       data     extern mc30p8160.asm
                  _T1DATD   0x00005f       data     extern mc30p8160.asm
                _T2CRbits   0x000060       data     extern mc30p8160.asm
                    _T2CR   0x000060       data     extern mc30p8160.asm
              _T2CNTHbits   0x000061       data     extern mc30p8160.asm
                  _T2CNTH   0x000061       data     extern mc30p8160.asm
              _T2CNTLbits   0x000062       data     extern mc30p8160.asm
                  _T2CNTL   0x000062       data     extern mc30p8160.asm
             _T2LOADHbits   0x000063       data     extern mc30p8160.asm
                 _T2LOADH   0x000063       data     extern mc30p8160.asm
             _T2LOADLbits   0x000064       data     extern mc30p8160.asm
                 _T2LOADL   0x000064       data     extern mc30p8160.asm
              _P1KBCRbits   0x000065       data     extern mc30p8160.asm
                  _P1KBCR   0x000065       data     extern mc30p8160.asm
              _P1ADCRbits   0x000067       data     extern mc30p8160.asm
                  _P1ADCR   0x000067       data     extern mc30p8160.asm
              _CMPCR0bits   0x000068       data     extern mc30p8160.asm
                  _CMPCR0   0x000068       data     extern mc30p8160.asm
              _CMPCR1bits   0x000069       data     extern mc30p8160.asm
                  _CMPCR1   0x000069       data     extern mc30p8160.asm
              _CMPCR2bits   0x00006a       data     extern mc30p8160.asm
                  _CMPCR2   0x00006a       data     extern mc30p8160.asm
               _TKCR0bits   0x00006c       data     extern mc30p8160.asm
                   _TKCR0   0x00006c       data     extern mc30p8160.asm
               _TKCR1bits   0x00006d       data     extern mc30p8160.asm
                   _TKCR1   0x00006d       data     extern mc30p8160.asm
              _TKCNTHbits   0x00006e       data     extern mc30p8160.asm
                  _TKCNTH   0x00006e       data     extern mc30p8160.asm
              _TKCNTLbits   0x00006f       data     extern mc30p8160.asm
                  _TKCNTL   0x00006f       data     extern mc30p8160.asm
 
