gplink-2.2.37 (Jan 16 2024)
Map File - Created 2024-4-11  10:30:18
 
                                 Section Info
                  Section       Type    Address   Location Size(Bytes)
                ---------  ---------  ---------  ---------  ---------
                  STARTUP       code   00000000    program   0x000002
              c_interrupt       code   0x000008    program   0x000030
           code_MC30P8160       code   0x000020    program   0x000580
       UD_abs_mc30p8160_0      udata   00000000       data   0x000001
       UD_abs_mc30p8160_1      udata   0x000001       data   0x000001
       UD_abs_mc30p8160_2      udata   0x000002       data   0x000001
       UD_abs_mc30p8160_3      udata   0x000003       data   0x000001
       UD_abs_mc30p8160_4      udata   0x000004       data   0x000001
       UD_abs_mc30p8160_6      udata   0x000006       data   0x000001
       UD_abs_mc30p8160_8      udata   0x000008       data   0x000001
       UD_abs_mc30p8160_9      udata   0x000009       data   0x000001
       UD_abs_mc30p8160_a      udata   0x00000a       data   0x000001
       UD_abs_mc30p8160_b      udata   0x00000b       data   0x000001
       UD_abs_mc30p8160_c      udata   0x00000c       data   0x000001
       UD_abs_mc30p8160_d      udata   0x00000d       data   0x000001
       UD_abs_mc30p8160_e      udata   0x00000e       data   0x000001
       UD_abs_mc30p8160_f      udata   0x00000f       data   0x000001
                sharebank      udata   0x000010       data   0x000007
          UDL_MC30P8160_0      udata   0x000017       data   0x000005
           UD_MC30P8160_6      udata   0x00001c       data   0x000002
           UD_MC30P8160_7      udata   0x00001e       data   0x000002
           UD_MC30P8160_8      udata   0x000020       data   0x000002
           UD_MC30P8160_9      udata   0x000022       data   0x000002
          UD_MC30P8160_10      udata   0x000024       data   0x000002
          UD_MC30P8160_11      udata   0x000026       data   0x000002
          UD_MC30P8160_12      udata   0x000028       data   0x000002
          UD_MC30P8160_13      udata   0x00002a       data   0x000002
          UD_MC30P8160_14      udata   0x00002c       data   0x000002
          UD_MC30P8160_15      udata   0x00002e       data   0x000002
          UD_MC30P8160_16      udata   0x000030       data   0x000002
           UD_MC30P8160_0      udata   0x000032       data   0x000001
           UD_MC30P8160_1      udata   0x000033       data   0x000001
           UD_MC30P8160_2      udata   0x000034       data   0x000001
           UD_MC30P8160_3      udata   0x000035       data   0x000001
           UD_MC30P8160_4      udata   0x000036       data   0x000001
           UD_MC30P8160_5      udata   0x000037       data   0x000001
          UD_MC30P8160_17      udata   0x000038       data   0x000001
          UD_MC30P8160_18      udata   0x000039       data   0x000001
          UD_MC30P8160_19      udata   0x00003a       data   0x000001
          UD_MC30P8160_20      udata   0x00003b       data   0x000001
          UD_MC30P8160_21      udata   0x00003c       data   0x000001
          UD_MC30P8160_22      udata   0x00003d       data   0x000001
          UD_MC30P8160_23      udata   0x00003e       data   0x000001
          UD_MC30P8160_24      udata   0x00003f       data   0x000001
          UD_MC30P8160_25      udata   0x000040       data   0x000001
          UD_MC30P8160_26      udata   0x000041       data   0x000001
          UD_MC30P8160_27      udata   0x000042       data   0x000001
          UD_MC30P8160_28      udata   0x000043       data   0x000001
          UD_MC30P8160_29      udata   0x000044       data   0x000001
      UD_abs_mc30p8160_50      udata   0x000050       data   0x000001
      UD_abs_mc30p8160_51      udata   0x000051       data   0x000001
      UD_abs_mc30p8160_52      udata   0x000052       data   0x000001
      UD_abs_mc30p8160_56      udata   0x000056       data   0x000001
      UD_abs_mc30p8160_58      udata   0x000058       data   0x000001
      UD_abs_mc30p8160_59      udata   0x000059       data   0x000001
      UD_abs_mc30p8160_5a      udata   0x00005a       data   0x000001
      UD_abs_mc30p8160_5b      udata   0x00005b       data   0x000001
      UD_abs_mc30p8160_5c      udata   0x00005c       data   0x000001
      UD_abs_mc30p8160_5d      udata   0x00005d       data   0x000001
      UD_abs_mc30p8160_5e      udata   0x00005e       data   0x000001
      UD_abs_mc30p8160_5f      udata   0x00005f       data   0x000001
      UD_abs_mc30p8160_60      udata   0x000060       data   0x000001
      UD_abs_mc30p8160_61      udata   0x000061       data   0x000001
      UD_abs_mc30p8160_62      udata   0x000062       data   0x000001
      UD_abs_mc30p8160_63      udata   0x000063       data   0x000001
      UD_abs_mc30p8160_64      udata   0x000064       data   0x000001
      UD_abs_mc30p8160_65      udata   0x000065       data   0x000001
      UD_abs_mc30p8160_67      udata   0x000067       data   0x000001
      UD_abs_mc30p8160_68      udata   0x000068       data   0x000001
      UD_abs_mc30p8160_69      udata   0x000069       data   0x000001
      UD_abs_mc30p8160_6a      udata   0x00006a       data   0x000001
      UD_abs_mc30p8160_6b      udata   0x00006b       data   0x000001
      UD_abs_mc30p8160_6c      udata   0x00006c       data   0x000001
      UD_abs_mc30p8160_6d      udata   0x00006d       data   0x000001
      UD_abs_mc30p8160_6e      udata   0x00006e       data   0x000001
      UD_abs_mc30p8160_6f      udata   0x00006f       data   0x000001
 
                              Program Memory Usage
                               Start         End
                           ---------   ---------
                            00000000    00000000
                            0x000008    0x00001f
                            0x000020    0x0002df
 
                            729 program addresses used
 
                              Symbols
                     Name    Address   Location    Storage File
                ---------  ---------  ---------  --------- ---------
                    STK06   0x000010       data     extern MC30P8160.asm
                    STK05   0x000011       data     extern MC30P8160.asm
                    STK04   0x000012       data     extern MC30P8160.asm
                    STK03   0x000013       data     extern MC30P8160.asm
                    STK02   0x000014       data     extern MC30P8160.asm
                    STK01   0x000015       data     extern MC30P8160.asm
                    STK00   0x000016       data     extern MC30P8160.asm
               _CSAVE_ACC   0x000032       data     extern MC30P8160.asm
            _CSAVE_STATUS   0x000033       data     extern MC30P8160.asm
              _CPLAY_FLAG   0x000034       data     extern MC30P8160.asm
                   _flag1   0x000035       data     extern MC30P8160.asm
                   _flag2   0x000036       data     extern MC30P8160.asm
                   _flag3   0x000037       data     extern MC30P8160.asm
             _u16_get_val   0x00001c       data     extern MC30P8160.asm
         _u16_release_val   0x00001e       data     extern MC30P8160.asm
            _u16_temp_val   0x000020       data     extern MC30P8160.asm
     _u16_release_val_TK0   0x000022       data     extern MC30P8160.asm
     _u16_release_val_TK1   0x000024       data     extern MC30P8160.asm
     _u16_TK1_get_val_Min   0x000026       data     extern MC30P8160.asm
     _u16_TK0_get_val_Min   0x000028       data     extern MC30P8160.asm
 _u16_TK0_environment_val   0x00002a       data     extern MC30P8160.asm
_u16_TK0_environment_val_Sum   0x00002c       data     extern MC30P8160.asm
 _u16_TK1_environment_val   0x00002e       data     extern MC30P8160.asm
_u16_TK1_environment_val_Sum   0x000030       data     extern MC30P8160.asm
          _TK0_Filter_Cnt   0x000038       data     extern MC30P8160.asm
        _TK0_Filter_Cnt_T   0x000039       data     extern MC30P8160.asm
          _TK1_Filter_Cnt   0x00003a       data     extern MC30P8160.asm
        _TK1_Filter_Cnt_T   0x00003b       data     extern MC30P8160.asm
           _FilterCnt_TK0   0x00003c       data     extern MC30P8160.asm
           _FilterCnt_TK1   0x00003d       data     extern MC30P8160.asm
                _SleepCnt   0x00003e       data     extern MC30P8160.asm
              _PWM_Duty_W   0x00003f       data     extern MC30P8160.asm
              _PWM_Duty_Y   0x000040       data     extern MC30P8160.asm
             _T_key_Value   0x000041       data     extern MC30P8160.asm
             _TK1_Key_Cnt   0x000042       data     extern MC30P8160.asm
             _TK0_Key_Cnt   0x000043       data     extern MC30P8160.asm
              _T0_5ms_Cnt   0x000044       data     extern MC30P8160.asm
                  r0x1023   0x000017       data     static MC30P8160.asm
                  r0x1024   0x000018       data     static MC30P8160.asm
                  r0x1025   0x000019       data     static MC30P8160.asm
                  r0x1027   0x00001a       data     static MC30P8160.asm
                  r0x1028   0x00001b       data     static MC30P8160.asm
         __sdcc_interrupt   0x000008    program     static MC30P8160.asm
                 _int_isr   0x000008    program     extern MC30P8160.asm
               _00447_DS_   0x000018    program     static MC30P8160.asm
               _00449_DS_   0x00001b    program     static MC30P8160.asm
         END_OF_INTERRUPT   0x00001f    program     static MC30P8160.asm
                    _main   0x000020    program     extern MC30P8160.asm
               _00439_DS_   0x000036    program     static MC30P8160.asm
               _00435_DS_   0x00003b    program     static MC30P8160.asm
               _00437_DS_   0x000042    program     static MC30P8160.asm
              _Sleep_mode   0x000045    program     extern MC30P8160.asm
               _00423_DS_   0x00004a    program     static MC30P8160.asm
               _00424_DS_   0x00004e    program     static MC30P8160.asm
               _00425_DS_   0x000050    program     static MC30P8160.asm
               _00429_DS_   0x000059    program     static MC30P8160.asm
         _LED_PWM_Control   0x00005a    program     extern MC30P8160.asm
               _00386_DS_   0x000066    program     static MC30P8160.asm
               _00387_DS_   0x00006a    program     static MC30P8160.asm
               _00389_DS_   0x00006e    program     static MC30P8160.asm
               _00392_DS_   0x000072    program     static MC30P8160.asm
               _00400_DS_   0x00007e    program     static MC30P8160.asm
               _00404_DS_   0x000085    program     static MC30P8160.asm
               _00412_DS_   0x000091    program     static MC30P8160.asm
               _00417_DS_   0x000098    program     static MC30P8160.asm
               _PWM_Y_OFF   0x000099    program     extern MC30P8160.asm
               _PWM_W_OFF   0x00009d    program     extern MC30P8160.asm
          _TK0_value_Read   0x0000a1    program     extern MC30P8160.asm
               _00369_DS_   0x0000be    program     static MC30P8160.asm
               _00361_DS_   0x0000ce    program     static MC30P8160.asm
               _00364_DS_   0x0000cf    program     static MC30P8160.asm
               _00372_DS_   0x0000d1    program     static MC30P8160.asm
          _TK1_value_Read   0x0000d2    program     extern MC30P8160.asm
               _00348_DS_   0x0000ef    program     static MC30P8160.asm
               _00340_DS_   0x0000ff    program     static MC30P8160.asm
               _00343_DS_   0x000100    program     static MC30P8160.asm
               _00351_DS_   0x000102    program     static MC30P8160.asm
                _TK1_Scan   0x000103    program     extern MC30P8160.asm
               _00323_DS_   0x00011b    program     static MC30P8160.asm
               _00260_DS_   0x000130    program     static MC30P8160.asm
               _00247_DS_   0x000142    program     static MC30P8160.asm
               _00253_DS_   0x00015c    program     static MC30P8160.asm
               _00254_DS_   0x000163    program     static MC30P8160.asm
               _00327_DS_   0x000170    program     static MC30P8160.asm
               _00271_DS_   0x000177    program     static MC30P8160.asm
               _00328_DS_   0x00017d    program     static MC30P8160.asm
               _00263_DS_   0x000183    program     static MC30P8160.asm
               _00329_DS_   0x00019c    program     static MC30P8160.asm
               _00330_DS_   0x0001a4    program     static MC30P8160.asm
               _00266_DS_   0x0001a6    program     static MC30P8160.asm
               _00267_DS_   0x0001ad    program     static MC30P8160.asm
               _00273_DS_   0x0001ae    program     static MC30P8160.asm
            _TK1_Release_   0x0001af    program     extern MC30P8160.asm
                _TK0_Scan   0x0001be    program     extern MC30P8160.asm
               _00228_DS_   0x0001d5    program     static MC30P8160.asm
               _00165_DS_   0x0001ea    program     static MC30P8160.asm
               _00158_DS_   0x000216    program     static MC30P8160.asm
               _00159_DS_   0x00021d    program     static MC30P8160.asm
               _00232_DS_   0x00022a    program     static MC30P8160.asm
               _00176_DS_   0x000231    program     static MC30P8160.asm
               _00233_DS_   0x000237    program     static MC30P8160.asm
               _00168_DS_   0x00023d    program     static MC30P8160.asm
               _00234_DS_   0x000256    program     static MC30P8160.asm
               _00235_DS_   0x00025e    program     static MC30P8160.asm
               _00171_DS_   0x000260    program     static MC30P8160.asm
               _00172_DS_   0x000267    program     static MC30P8160.asm
               _00178_DS_   0x000268    program     static MC30P8160.asm
            _TK0_Release_   0x000269    program     extern MC30P8160.asm
            _Get_TK_Value   0x000278    program     extern MC30P8160.asm
               _00138_DS_   0x000278    program     static MC30P8160.asm
               _00140_DS_   0x000281    program     static MC30P8160.asm
                 _TK_Init   0x000290    program     extern MC30P8160.asm
              _TOUCH_Init   0x0002a3    program     extern MC30P8160.asm
                 _IO_Init   0x0002aa    program     extern MC30P8160.asm
             _T1_PWM_Init   0x0002b5    program     extern MC30P8160.asm
                 _Clr_Ram   0x0002bc    program     extern MC30P8160.asm
                  CLR_RAM   0x0002bc    program     static MC30P8160.asm
             CLR_RAM_LOOP   0x0002c0    program     static MC30P8160.asm
                _Init_Sys   0x0002c6    program     extern MC30P8160.asm
               SET_OPTION   0x0002c6    program     static MC30P8160.asm
              _Delay_us_2   0x0002d3    program     extern MC30P8160.asm
               _00107_DS_   0x0002d4    program     static MC30P8160.asm
               _00109_DS_   0x0002df    program     static MC30P8160.asm
                _INDFbits   00000000       data     extern mc30p8160.asm
                    _INDF   00000000       data     extern mc30p8160.asm
               _T0CNTbits   0x000001       data     extern mc30p8160.asm
                   _T0CNT   0x000001       data     extern mc30p8160.asm
                 _PCLbits   0x000002       data     extern mc30p8160.asm
                     _PCL   0x000002       data     extern mc30p8160.asm
              _STATUSbits   0x000003       data     extern mc30p8160.asm
                  _STATUS   0x000003       data     extern mc30p8160.asm
                 _FSRbits   0x000004       data     extern mc30p8160.asm
                     _FSR   0x000004       data     extern mc30p8160.asm
                  _P1bits   0x000006       data     extern mc30p8160.asm
                      _P1   0x000006       data     extern mc30p8160.asm
                 _MCRbits   0x000008       data     extern mc30p8160.asm
                     _MCR   0x000008       data     extern mc30p8160.asm
                _T0CRbits   0x000009       data     extern mc30p8160.asm
                    _T0CR   0x000009       data     extern mc30p8160.asm
              _PCLATHbits   0x00000a       data     extern mc30p8160.asm
                  _PCLATH   0x00000a       data     extern mc30p8160.asm
               _PDCONbits   0x00000b       data     extern mc30p8160.asm
                   _PDCON   0x00000b       data     extern mc30p8160.asm
               _ODCONbits   0x00000c       data     extern mc30p8160.asm
                   _ODCON   0x00000c       data     extern mc30p8160.asm
               _PUCONbits   0x00000d       data     extern mc30p8160.asm
                   _PUCON   0x00000d       data     extern mc30p8160.asm
                _INTEbits   0x00000e       data     extern mc30p8160.asm
                    _INTE   0x00000e       data     extern mc30p8160.asm
                _INTFbits   0x00000f       data     extern mc30p8160.asm
                    _INTF   0x00000f       data     extern mc30p8160.asm
             _PWM1CR0bits   0x000050       data     extern mc30p8160.asm
                 _PWM1CR0   0x000050       data     extern mc30p8160.asm
             _PWM1CR1bits   0x000051       data     extern mc30p8160.asm
                 _PWM1CR1   0x000051       data     extern mc30p8160.asm
             _PWM1CR2bits   0x000052       data     extern mc30p8160.asm
                 _PWM1CR2   0x000052       data     extern mc30p8160.asm
                _DDR1bits   0x000056       data     extern mc30p8160.asm
                    _DDR1   0x000056       data     extern mc30p8160.asm
               _TMRCRbits   0x000058       data     extern mc30p8160.asm
                   _TMRCR   0x000058       data     extern mc30p8160.asm
                _T1CRbits   0x000059       data     extern mc30p8160.asm
                    _T1CR   0x000059       data     extern mc30p8160.asm
               _T1CNTbits   0x00005a       data     extern mc30p8160.asm
                   _T1CNT   0x00005a       data     extern mc30p8160.asm
              _T1LOADbits   0x00005b       data     extern mc30p8160.asm
                  _T1LOAD   0x00005b       data     extern mc30p8160.asm
              _T1DATAbits   0x00005c       data     extern mc30p8160.asm
                  _T1DATA   0x00005c       data     extern mc30p8160.asm
              _T1DATBbits   0x00005d       data     extern mc30p8160.asm
                  _T1DATB   0x00005d       data     extern mc30p8160.asm
              _T1DATCbits   0x00005e       data     extern mc30p8160.asm
                  _T1DATC   0x00005e       data     extern mc30p8160.asm
              _T1DATDbits   0x00005f       data     extern mc30p8160.asm
                  _T1DATD   0x00005f       data     extern mc30p8160.asm
                _T2CRbits   0x000060       data     extern mc30p8160.asm
                    _T2CR   0x000060       data     extern mc30p8160.asm
              _T2CNTHbits   0x000061       data     extern mc30p8160.asm
                  _T2CNTH   0x000061       data     extern mc30p8160.asm
              _T2CNTLbits   0x000062       data     extern mc30p8160.asm
                  _T2CNTL   0x000062       data     extern mc30p8160.asm
             _T2LOADHbits   0x000063       data     extern mc30p8160.asm
                 _T2LOADH   0x000063       data     extern mc30p8160.asm
             _T2LOADLbits   0x000064       data     extern mc30p8160.asm
                 _T2LOADL   0x000064       data     extern mc30p8160.asm
              _P1KBCRbits   0x000065       data     extern mc30p8160.asm
                  _P1KBCR   0x000065       data     extern mc30p8160.asm
              _P1ADCRbits   0x000067       data     extern mc30p8160.asm
                  _P1ADCR   0x000067       data     extern mc30p8160.asm
              _CMPCR0bits   0x000068       data     extern mc30p8160.asm
                  _CMPCR0   0x000068       data     extern mc30p8160.asm
              _CMPCR1bits   0x000069       data     extern mc30p8160.asm
                  _CMPCR1   0x000069       data     extern mc30p8160.asm
              _CMPCR2bits   0x00006a       data     extern mc30p8160.asm
                  _CMPCR2   0x00006a       data     extern mc30p8160.asm
               _TKCR0bits   0x00006b       data     extern mc30p8160.asm
                   _TKCR0   0x00006b       data     extern mc30p8160.asm
               _TKCR1bits   0x00006c       data     extern mc30p8160.asm
                   _TKCR1   0x00006c       data     extern mc30p8160.asm
               _TKCR2bits   0x00006d       data     extern mc30p8160.asm
                   _TKCR2   0x00006d       data     extern mc30p8160.asm
              _TKCNTHbits   0x00006e       data     extern mc30p8160.asm
                  _TKCNTH   0x00006e       data     extern mc30p8160.asm
              _TKCNTLbits   0x00006f       data     extern mc30p8160.asm
                  _TKCNTL   0x00006f       data     extern mc30p8160.asm
 
